[    0.000000] Linux version 4.15.0-212-generic (buildd@lcy02-amd64-083) (gcc version 7.5.0 (Ubuntu 7.5.0-3ubuntu1~18.04)) #223-Ubuntu SMP Tue May 23 13:09:22 UTC 2023 (Ubuntu 4.15.0-212.223-generic 4.15.18)
[    0.000000] Command line: BOOT_IMAGE=/boot/vmlinuz-4.15.0-212-generic root=LABEL=cloudimg-rootfs ro console=tty1 console=ttyS0
[    0.000000] KERNEL supported cpus:
[    0.000000]   Intel GenuineIntel
[    0.000000]   AMD AuthenticAMD
[    0.000000]   Centaur CentaurHauls
[    0.000000] x86/fpu: Supporting XSAVE feature 0x001: 'x87 floating point registers'
[    0.000000] x86/fpu: Supporting XSAVE feature 0x002: 'SSE registers'
[    0.000000]x86/fpu: Supporting XSAVE feature 0x004: 'AVX registers'
[    0.000000] x86/fpu: xstate_offset[2]:  576, xstate_sizes[2]:  256
[    0.000000] x86/fpu: Enabled xstate features 0x7, context size is 832 bytes, using 'standard' format.
[    0.000000] e820: BIOS-provided physical RAM map:
[    0.000000] BIOS-e820: [mem 0x0000000000000000-0x000000000009fbff] usable
[    0.000000] BIOS-e820: [mem 0x000000000009fc00-0x000000000009ffff] reserved
[    0.000000] BIOS-e820: [mem 0x00000000000f0000-0x00000000000fffff] reserved
[    0.000000] BIOS-e820: [mem 0x0000000000100000-0x000000007ffeffff] usable
[    0.000000] BIOS-e820: [mem 0x000000007fff0000-0x000000007fffffff] ACPI data
[    0.000000] BIOS-e820: [mem 0x00000000fec00000-0x00000000fec00fff] reserved
[    0.000000] BIOS-e820: [mem 0x00000000fee00000-0x00000000fee00fff] reserved
[    0.000000] BIOS-e820: [mem 0x00000000fffc0000-0x00000000ffffffff] reserved
[    0.000000] NX (Execute Disable) protection: active
[    0.000000] SMBIOS 2.5 present.
[    0.000000] DMI: innotek GmbH VirtualBox/VirtualBox, BIOS VirtualBox 12/01/2006
[    0.000000] Hypervisor detected: KVM
[    0.000000] e820: last_pfn = 0x7fff0 max_arch_pfn = 0x400000000
[    0.000000] x86/PAT: Configuration [0-7]: WB  WC  UC- UC  WB  WP  UC- WT  
[    0.000000] CPU MTRRs all blank - virtualized system.
[    0.000000] found SMP MP-table at [mem 0x0009fbf0-0x0009fbff]
[    0.000000] Scanning 1 areas for low memory corruption
[    0.000000] RAMDISK: [mem 0x359cb000-0x36cdcfff]
[    0.000000] ACPI: Early table checksum verification disabled
[    0.000000] ACPI: RSDP 0x00000000000E0000 000024 (v02 VBOX  )
[    0.000000] ACPI: XSDT 0x000000007FFF0030 00003C (v01 VBOX   VBOXXSDT 00000001 ASL  00000061)
[    0.000000] ACPI: FACP 0x000000007FFF00F0 0000F4 (v04 VBOX   VBOXFACP 00000001 ASL  00000061)
[    0.000000] ACPI: DSDT 0x000000007FFF0610 002353 (v02 VBOX   VBOXBIOS 00000002 INTL 20100528)
[    0.000000] ACPI: FACS 0x000000007FFF0200 000040
[    0.000000] ACPI: FACS 0x000000007FFF0200 000040
[    0.000000] ACPI: APIC 0x000000007FFF0240 00005C (v02 VBOX   VBOXAPIC 00000001 ASL  00000061)
[    0.000000] ACPI: SSDT 0x000000007FFF02A0 00036C (v01 VBOX   VBOXCPUT 00000002 INTL 20100528)
[    0.000000] ACPI: Reserving FACP table memory at [mem 0x7fff00f0-0x7fff01e3]
[    0.000000] ACPI: Reserving DSDT table memory at [mem 0x7fff0610-0x7fff2962]
[    0.000000] ACPI: Reserving FACS table memory at [mem 0x7fff0200-0x7fff023f]
[    0.000000] ACPI: Reserving FACS table memory at [mem 0x7fff0200-0x7fff023f]
[    0.000000] ACPI: Reserving APIC table memory at [mem 0x7fff0240-0x7fff029b]
[    0.000000] ACPI: Reserving SSDT table memory at [mem 0x7fff02a0-0x7fff060b]
[    0.000000] No NUMA configuration found
[    0.000000] Faking a node at [mem 0x0000000000000000-0x000000007ffeffff]
[    0.000000] NODE_DATA(0) allocated [mem 0x7ffc5000-0x7ffeffff]
[    0.000000] kvm-clock: cpu 0, msr 0:7ff44001, primary cpu clock
[    0.000000] kvm-clock: Using msrs 4b564d01 and 4b564d00
[    0.000000] kvm-clock: using sched offset of 8670830530 cycles
[    0.000000] clocksource: kvm-clock: mask: 0xffffffffffffffff max_cycles: 0x1cd42e4dffb, max_idle_ns: 881590591483 ns
[    0.000000] Zone ranges:
[    0.000000]   DMA      [mem 0x0000000000001000-0x0000000000ffffff]
[    0.000000]   DMA32    [mem 0x0000000001000000-0x000000007ffeffff]
[    0.000000]   Normal   empty
[    0.000000]   Device   empty
[    0.000000] Movable zone start for each node
[    0.000000] Early memory node ranges
[    0.000000]   node   0: [mem 0x0000000000001000-0x000000000009efff]
[    0.000000]   node   0: [mem 0x0000000000100000-0x000000007ffeffff]
[    0.000000] Reserved but unavailable: 104 pages
[    0.000000] Initmem setup node 0 [mem 0x0000000000001000-0x000000007ffeffff]
[    0.000000] ACPI: PM-Timer IO Port: 0x4008
[    0.000000] IOAPIC[0]: apic_id 2, version 32, address 0xfec00000, GSI 0-23
[    0.000000] ACPI: INT_SRC_OVR (bus 0 bus_irq 0 global_irq 2 dfl dfl)
[    0.000000] ACPI: INT_SRC_OVR (bus 0 bus_irq 9 global_irq 9 low level)
[    0.000000] Using ACPI (MADT) for SMP configuration information
[    0.000000] smpboot: Allowing 2 CPUs, 0 hotplug CPUs
[    0.000000] PM: Registered nosave memory: [mem 0x00000000-0x00000fff]
[    0.000000] PM: Registered nosave memory: [mem 0x0009f000-0x0009ffff]
[    0.000000] PM: Registered nosave memory: [mem 0x000a0000-0x000effff]
[    0.000000] PM: Registered nosave memory: [mem 0x000f0000-0x000fffff]
[    0.000000] e820: [mem 0x80000000-0xfebfffff] available for PCI devices
[    0.000000] Booting paravirtualized kernel on KVM
[    0.000000] clocksource: refined-jiffies: mask: 0xffffffff max_cycles: 0xffffffff, max_idle_ns: 7645519600211568 ns
[    0.000000] setup_percpu: NR_CPUS:8192 nr_cpumask_bits:2 nr_cpu_ids:2 nr_node_ids:1
[    0.000000] percpu: Embedded 50 pages/cpu s167936 r8192 d28672 u1048576
[    0.000000] PV qspinlock hash table entries: 256 (order: 0, 4096 bytes)
[    0.000000] Built 1 zonelists, mobility grouping on.  Total pages: 515961
[    0.000000] Policy zone: DMA32
[    0.000000] Kernel command line: BOOT_IMAGE=/boot/vmlinuz-4.15.0-212-generic root=LABEL=cloudimg-rootfs ro console=tty1 console=ttyS0
[    0.000000] Memory: 2014836K/2096696K available (12300K kernel code, 2477K rwdata, 4324K rodata, 2480K init, 2720K bss, 81860K reserved, 0K cma-reserved)
[    0.000000] SLUB: HWalign=64, Order=0-3, MinObjects=0, CPUs=2, Nodes=1
[    0.000000] ftrace: allocating 39508 entries in 155 pages
[    0.004000] Hierarchical RCU implementation.
[    0.004000] 	RCU restricting CPUs from NR_CPUS=8192 to nr_cpu_ids=2.
[    0.004000] 	Tasks RCU enabled.
[    0.004000] RCU: Adjusting geometry for rcu_fanout_leaf=16, nr_cpu_ids=2
[    0.004000] NR_IRQS: 524544, nr_irqs: 440, preallocated irqs: 16
[    0.004000] random: crng init done
[    0.004000] Console: colour VGA+ 80x25
[    0.004000] console [tty1] enabled
[    0.004000] console [ttyS0] enabled
[    0.004000] ACPI: Core revision 20170831
[    0.004000] ACPI: 2 ACPI AML tables successfully acquired and loaded
[    0.004000] APIC: Switch to symmetric I/O mode setup
[    0.004000] ..TIMER: vector=0x30 apic1=0 pin1=2 apic2=-1 pin2=-1
[    0.004006] tsc: Detected 2419.198 MHz processor
[    0.007706] Calibrating delay loop (skipped) preset value.. 4838.39 BogoMIPS (lpj=9676792)
[    0.008006] pid_max: default: 32768 minimum: 301
[    0.012256] Security Framework initialized
[    0.016009] Yama: becoming mindful.
[    0.020119] AppArmor: AppArmor initialized
[    0.033473] Dentry cache hash table entries: 262144 (order: 9, 2097152 bytes)
[    0.045371] Inode-cache hash table entries: 131072 (order: 8, 1048576 bytes)
[    0.048245] Mount-cache hash table entries: 4096 (order: 3, 32768 bytes)
[    0.052290] Mountpoint-cache hash table entries: 4096 (order: 3, 32768 bytes)
[    0.062134] Last level iTLB entries: 4KB 0, 2MB 0, 4MB 0
[    0.064006] Last level dTLB entries: 4KB 0, 2MB 0, 4MB 0, 1GB 0
[    0.068013] Spectre V1 : Mitigation: usercopy/swapgs barriers and __user pointer sanitization
[    0.072006] Spectre V2 : Mitigation: Enhanced IBRS
[    0.076008] Spectre V2 : Spectre v2 / SpectreRSB mitigation: Filling RSB on context switch
[    0.080011] Spectre V2 : Spectre v2 / PBRSB-eIBRS: Retire a single CALL on VMEXIT
[    0.084009] RETBleed: Mitigation: Enhanced IBRS
[    0.088004] Speculative Store Bypass: Vulnerable
[    0.092252] Feeing SMP alternatives memory: 36K
[    0.211147] smpboot: CPU0: 11th Gen Intel(R) Core(TM) i5-1135G7 @ 2.40GHz (family: 0x6, model: 0x8c, stepping: 0x1)
[    0.212462] Performance Events: unsupported p6 CPU model 140 no PMU driver, software events only.
[    0.216136] Hierarchical SRCU implementation.
[    0.220911] NMI watchdog: Perf event create on CPU 0 failed with -2
[    0.224006] NMI watchdog: Perf NMI watchdog permanently disabled
[    0.228547] smp: Bringing up secondary CPUs ...
[    0.232920] x86: Booting SMP configuration:
[    0.236013] .... node  #0, CPUs:      #1
[    0.004000] kvm-clock: cpu 1, msr 0:7ff44041, secondary cpu clock
[    0.252084] smp: Brought up 1 node, 2 CPUs
[    0.256000] smpboot: Max logical packages: 1
[    0.256011] smpboot: Total of 2 processors activated (9676.79 BogoMIPS)
[    0.260799] devtmpfs: initialized
[    0.264177] x86/mm: Memory block size: 128MB
[    0.268616] evm: security.selinux
[    0.272004] evm: security.SMACK64
[    0.276000] evm: security.SMACK64EXEC
[    0.276006] evm: security.SMACK64TRANSMUTE
[    0.280007] evm: security.SMACK64MMAP
[    0.284004] evm: security.apparmor
[    0.286751] evm: security.ima
[    0.288006] evm: security.capability
[    0.292669] clocksource: jiffies: mask: 0xffffffff max_cycles: 0xffffffff, max_idle_ns: 7645041785100000 ns
[    0.300020] futex hash table entries: 512 (order: 3, 32768 bytes)
[    0.304218] pinctrl core: initialized pinctrl subsystem
[    0.312268] RTC time: 17:27:16, date: 05/14/26
[    0.320153] NET: Registered protocol family 16
[    0.324299] audit: initializing netlink subsys (disabled)
[    0.332139] audit: type=2000 audit(1778779644.929:1): state=initialized audit_enabled=0 res=1
[    0.340165] cpuidle: using governor ladder
[    0.344023] cpuidle: using governor menu
[    0.348061] ACPI: bus type PCI registered
[    0.352007] acpiphp: ACPI Hot Plug PCI Controller Driver version: 0.5
[    0.356579] PCI: Using configuration type 1 for base access
[    0.364725] HugeTLB registered 2.00 MiB page size, pre-allocated 0 pages
[    0.372444] ACPI: Added _OSI(Module Device)
[    0.376010] ACPI: Added _OSI(Processor Device)
[    0.384013] ACPI: Added _OSI(3.0 _SCP Extensions)
[    0.388012] ACPI: Added _OSI(Processor Aggregator Device)
[    0.392021] ACPI: Added _OSI(Linux-Dell-Video)
[    0.396008] ACPI: Added _OSI(Linux-Lenovo-NV-HDMI-Audio)
[    0.400009] ACPI: Added _OSI(Linux-HPI-Hybrid-Graphics)
[    0.405352] ACPI: Executed 1 blocks of module-level executable AML code
[    0.417058] ACPI: Interpreter enabled
[    0.420022] ACPI: (supports S0 S5)
[    0.422995] ACPI: Using IOAPIC for interrupt routing
[    0.424773] PCI: Using host bridge windows from ACPI; if necessary, use "pci=nocrs" and report a bug
[    0.428268] ACPI: Enabled 2 GPEs in block 00 to 07
[    0.449803] ACPI: PCI Root Bridge [PCI0] (domain 0000 [bus 00-ff])
[    0.452013] acpi PNP0A03:00: _OSC: OS supports [ASPM ClockPM Segments MSI]
[    0.456899] acpi PNP0A03:00: _OSC: not requesting OS control; OS requires [ExtendedConfig ASPM ClockPM MSI]
[    0.460024] acpi PNP0A03:00: fail to add MMCONFIG information, can't access extended PCI configuration space under this bridge.
[    0.468087] PCI host bridge to bus 0000:00
[    0.471710] pci_bus 0000:00: root bus resource [io  0x0000-0x0cf7 window]
[    0.472005] pci_bus 0000:00: root bus resource [io  0x0d00-0xffff window]
[    0.476006] pci_bus 0000:00: root bus resource [mem 0x000a0000-0x000bffff window]
[    0.480010] pci_bus 0000:00: root bus resource [mem 0x80000000-0xfdffffff window]
[    0.484006] pci_bus 0000:00: root bus resource [bus 00-ff]
[    0.496271] pci 0000:00:01.1: legacy IDE quirk: reg 0x10: [io  0x01f0-0x01f7]
[    0.500010] pci 0000:00:01.1: legacy IDE quirk: reg 0x14: [io  0x03f6]
[    0.504010] pci 0000:00:01.1: legacy IDE quirk: reg 0x18: [io  0x0170-0x0177]
[    0.508007] pci 0000:00:01.1: legacy IDE quirk: reg 0x1c: [io  0x0376]
[    0.541784] pci 0000:00:07.0: quirk: [io  0x4000-0x403f] claimed by PIIX4 ACPI
[    0.544051] pci 0000:00:07.0: quirk: [io  0x4100-0x410f] claimed by PIIX4 SMB
[    0.561006] ACPI: PCI Interrupt Link [LNKA] (IRQs 5 9 10 *11)
[    0.564573] ACPI: PCI Interrupt Link [LNKB] (IRQs 5 9 *10 11)
[    0.568260] ACPI: PCI Interrupt Link [LNKC] (IRQs 5 *9 10 11)
[    0.572217] ACPI: PCI Interrupt Link [LNKD] (IRQs 5 9 10 *11)
[    0.580699] SCSI subsystem initialized
[    0.584233] pci 0000:00:02.0: vgaarb: setting as boot VGA device
[    0.588000] pci 0000:00:02.0: vgaarb: VGA device added: decodes=io+mem,owns=io+mem,locks=none
[    0.588013] pci 0000:00:02.0: vgaarb: bridge control possible
[    0.592005] vgaarb: loaded
[    0.594253] ACPI: bus type USB registered
[    0.596063] usbcore: registered new interface driver usbfs
[    0.600032] usbcore: registered new interface driver hub
[    0.604046] usbcore: registered new device driver usb
[    0.608227] EDAC MC: Ver: 3.0.0
[    0.612414] PCI: Using ACPI for IRQ routing
[    0.616691] NetLabel: Initializing
[    0.620000] NetLabel:  domain hash size = 128
[    0.620004] NetLabel:  protocols = UNLABELED CIPSOv4 CALIPSO
[    0.624028] NetLabel:  unlabeled traffic allowed by default
[    0.632528] clocksource: Switched to clocksource kvm-clock
[    0.659729] VFS: Disk quotas dquot_6.6.0
[    0.659729] VFS: Dquot-cache hash table entries: 512 (order 0, 4096 bytes)
[    0.659729] AppArmor: AppArmor Filesystem Enabled
[    0.659729] pnp: PnP ACPI init
[    0.659729] pnp: PnP ACPI: found 3 devices
[    0.765946] clocksource: acpi_pm: mask: 0xffffff max_cycles: 0xffffff, max_idle_ns: 2085701024 ns
[    0.768971] NET: Registered protocol family 2
[    0.768971] IP idents hash table entries: 32768 (order: 6, 262144 bytes)
[    0.801234] TCP established hash table entries: 16384 (order: 5, 131072 bytes)
[    0.809532] TCP bind hash table entries: 16384 (order: 6, 262144 bytes)
[    0.815446] TCP: Hash tables configured (established 16384 bind 16384)
[    0.818476] UDP hash table entries: 1024 (order: 3, 32768 bytes)
[    0.818476] UDP-Lite hash table entries: 1024 (order: 3, 32768 bytes)
[    0.818476] NET: Registered protocol family 1
[    0.818476] pci 0000:00:00.0: Limiting direct PCI/PCI transfers
[    0.818476] pci 0000:00:01.0: Activating ISA DMA hang workarounds
[    0.818476] pci 0000:00:02.0: Video device with shadowed ROM at [mem 0x000c0000-0x000dffff]
[    0.818476] Unpacking initramfs...
[    1.506910] Freeing initrd memory: 19528K
[    1.512629] clocksource: tsc: mask: 0xffffffffffffffff max_cycles: 0x22df0f35937, max_idle_ns: 440795269039 ns
[    1.528692] platform rtc_cmos: registered platform RTC device (no PNP device found)
[    1.543074] Scanning for low memory corruption every 60 seconds
[    1.552923] Initialise system trusted keyrings
[    1.556104] Key type blacklist registered
[    1.561880] workingset: timestamp_bits=36 max_order=19 bucket_order=0
[    1.572130] zbud: loaded
[    1.577335] squashfs: version 4.0 (2009/01/31) Phillip Lougher
[    1.590974] fuse init (API version 7.26)
[    1.655585] Key type asymmetric registered
[    1.661834] Asymmetric key parser 'x509' registered
[    1.671613] Block layer SCSI generic (bsg) driver version 0.4 loaded (major 246)
[    1.684642] io scheduler noop registered
[    1.689014] io scheduler deadline registered
[    1.694197] io scheduler cfq registered (default)
[    1.700729] ACPI: AC Adapter [AC] (on-line)
[    1.704022] input: Power Button as /devices/LNXSYSTM:00/LNXPWRBN:00/input/input0
[    1.711699] ACPI: Power Button [PWRF]
[    1.716067] input: Sleep Button as /devices/LNXSYSTM:00/LNXSLPBN:00/input/input1
[    1.719737] ACPI: Sleep Button [SLPF]
[    1.730338] Serial: 8250/16550 driver, 32 ports, IRQ sharing enabled
[    1.737315] ACPI: Battery Slot [BAT0] (battery present)
[    1.784994] 00:02: ttyS0 at I/O 0x3f8 (irq = 4, base_baud = 115200) is a 16550A
[    1.788124] Linux agpgart interface v0.103
[    1.811595] loop: module loaded
[    1.817978] scsi host0: ata_piix
[    1.823189] scsi host1: ata_piix
[    1.829971] ata1: PATAmax UDMA/33 cmd 0x1f0 ctl 0x3f6 bmdma 0xd000 irq 14
[    1.833798] ata2: PATA max UDMA/33 cmd 0x170 ctl 0x376 bmdma 0xd008 irq 15
[    2.092527] tun: Universal TUN/TAP device driver, 1.6
[    2.098764] PPP generic driver version 2.4.2
[    2.102138] ehci_hcd: USB 2.0 'Enhanced' Host Controller (EHCI) Driver
[    2.102665] ehci-pci: EHCI PCI platform driver
[    2.102665] ehci-platform: EHCI generic platform driver
[    2.102665] ohci_hcd: USB 1.1 'Open' Host Controller (OHCI) Driver
[    2.102665] ohci-pci: OHCI PCI platform driver
[    2.102665] ohci-platform: OHCI generic platform driver
[    2.102665] uhci_hcd: USB Universal Host Controller Interface driver
[    2.102665] i8042: PNP: PS/2 Controller [PNP0303:PS2K,PNP0f03:PS2M] at 0x60,0x64 irq 1,12
[    2.102665] serio: i8042 KBD port at 0x60,0x64 irq 1
[    2.153244] serio: i8042 AUX port at 0x60,0x64 irq 12
[    2.157116] mousedev: PS/2 mouse device common for all mice
[    2.169567] rtc_cmos rtc_cmos: rtc core: registered rtc_cmos as rtc0
[    2.181020] rtc_cmos rtc_cmos: alarms up to one day, 114 bytes nvram
[    2.188388] input: AT Translated Set 2 keyboard as /devices/platform/i8042/serio0/input/input2
[    2.196384] i2c /dev entries driver
[    2.200664] device-mapper: uevent: version 1.0.3
[    2.207441] device-mapper: ioctl: 4.37.0-ioctl (2017-09-20) initialised: dm-devel@redhat.com
[    2.217490] ledtrig-cpu: registered to indicate activity on CPUs
[    2.226625] NET: Registered protocol family 10
[    2.241242] Segment Routing with IPv6
[    2.246842] NET: Registered protocol family 17
[    2.251837] Key type dns_resolver registered
[    2.319183] mce: Using 0 MCE banks
[    2.323373] RAS: Correctable Errors collector initialized.
[    2.329124] sched_clock: Marking stable (2328977695, 0)->(4497166848, -2168189153)
[    2.339867] registered taskstats version 1
[    2.346420] Loading compiled-in X.509 certificates
[    2.357128] Loaded X.509 cert 'Build time autogenerated kernel key: b5b26778eaa3ab3a4a6cee031137706e947d12ad'
[    2.365700] Loaded X.509 cert 'Canonical Ltd. Live Patch Signing: 14df34d1a87cf37625abec039ef2bf521249b969'
[    2.374037] Loaded X.509 cert 'Canonical Ltd. Kernel Module Signing: 88f752e560a1e0737e31163a466ad7b70a850c19'
[    2.385446] blacklist: Loading compiled-in revocation X.509 certificates
[    2.393275] Loaded X.509 cert 'Canonical Ltd. Secure Boot Signing: 61482aa2830d0ab2ad5af10b7250da9033ddcef0'
[    2.404644] Loaded X.509 cert 'Canonical Ltd. Secure Boot Signing (2017): 242ade75ac4a15e50d50c84b0d45ff3eae707a03'
[    2.416476] Loaded X.509 cert 'Canonical Ltd. Secure Boot Signing (ESM 2018): 365188c1d374d6b07c3c8f240f8ef722433d6a8b'
[    2.427800] Loaded X.509 cert 'Canonical Ltd. Secure Boot Signing (2019): c0746fd6c5da3ae827864651ad66ae47fe24b3e8'
[    2.439023] Loaded X.509 cert 'Canonical Ltd. Secure Boot Signing (2021 v1): a8d54bbb3825cfb94fa13c9f8a594a195c107b8d'
[    2.451098] Loaded X.509 cert 'Canonical Ltd. Secure Boot Signing (2021 v2): 4cf046892d6fd3c9a5b03f98d845f90851dc6a8c'
[    2.466792] Loaded X.509 cert 'Canonical Ltd. Secure Boot Signing (2021 v3): 100437bb6de6e469b581e61cd66bce3ef4ed53af'
[    2.479572] Loaded X.509 cert 'Canonical Ltd. Secure Boot Signing (Ubuntu Core 2019): c1d57b8f6b743f23ee41f4f7ee292f06eecadfb9'
[    2.496707] zswap: loaded using pool lzo/zbud
[    2.512823] Key type big_key registered
[    2.517759] Key type trusted registered
[    2.527677] Key type encrypted registered
[    2.532059] AppArmor: AppArmor sha1 policy hashing enabled
[    2.539136] ima: No TPM chip found, activating TPM-bypass! (rc=-19)
[    2.544414] ima: Allocated hash algorithm: sha1
[    2.547949] evm: HMAC attrs: 0x1
[    2.551535]   Magic number: 10:774:491
[    2.555457] rtc_cmos rtc_cmos: setting system clock to 2026-05-14 17:27:18 UTC (1778779638)
[    2.562934] BIOS EDD facility v0.16 2004-Jun-25, 0 devices found
[    2.568247] EDD information not available.
[    2.574355] Freeing unused kernel image memory: 2480K
[    2.592319] Write protecting the kernel read-only data: 20480k
[    2.603769] Freeing unused kernel image memory: 2008K
[    2.615077] Freeing unused kernel image memory: 1820K
[    2.638040] x86/mm: Checked W+X mappings: passed, no W+X pages found.
Loading, please wait...
starting version 237
[    2.803411] e1000: Intel(R) PRO/1000 Network Driver - version 7.3.21-k8-NAPI
[    2.813104] Fusion MPT base driver 3.04.20
[    2.813105] Copyright (c) 1999-2008 LSI Corporation
[    2.823851] e1000: Copyright (c) 1999-2006 Intel Corporation.
[    2.894525] Fusion MPT SPI Host driver 3.04.20
[    2.905646] AVX2 version of gcm_enc/dec engaged.
[    2.910937] AES CTR mode by8 optimization enabled
[    3.148097] input: ImExPS/2 Generic Explorer Mouse as /devices/platform/i8042/serio1/input/input4
[    3.709577] e1000 0000:00:03.0 eth0: (PCI:33MHz:32-bit) 02:3b:7b:b7:3b:2d
[    3.716736] e1000 0000:00:03.0 eth0: Intel(R) PRO/1000 Network Connection
[    3.726367] mptbase: ioc0: Initiating bringup
[    3.728925] e1000 0000:00:03.0 enp0s3: renamed from eth0
[    4.106982] ioc0: LSI53C1030 A0: Capabilities={Initiator}
[    4.597434] scsi host2: ioc0: LSI53C1030 A0, FwRev=00000000h, Ports=1, MaxQ=256, IRQ=20
[    5.124685] scsi 2:0:0:0: Direct-Access     VBOX     HARDDISK         1.0  PQ: 0 ANSI: 5
[    5.176136] scsi target2:0:0: Beginning Domain Validation
[    5.196740] scsi target2:0:0: Domain Validation skipping write tests
[    5.204619] scsi target2:0:0: Ending Domain Validation
[    5.209976] scsi target2:0:0: asynchronous
[    5.218404] scsi 2:0:1:0: Direct-Access     VBOX     HARDDISK         1.0  PQ: 0 ANSI: 5
[    5.257035] scsi target2:0:1: Beginning Domain Validation
[    5.282930] scsi target2:0:1: Domain Validation skipping write tests
[    5.294563] scsi target2:0:1: Ending Domain Validation
[    5.303877] scsi target2:0:1: asynchronous
[    5.331188] sd 2:0:0:0: Attached scsi generic sg0 type 0
[    5.342960] sd 2:0:0:0: [sda] 83886080 512-byte logical blocks: (42.9 GB/40.0 GiB)
[    5.355182] sd 2:0:1:0: Attached scsi generic sg1 type 0
[    5.361895] sd 2:0:0:0: [sda] Write Protect is off
[    5.366377] sd 2:0:1:0: [sdb] 20480 512-byte logical blocks: (10.5 MB/10.0 MiB)
[    5.373230] sd 2:0:1:0: [sdb] Write Protect is off
[    5.377540] sd 2:0:0:0: [sda] Write cache: enabled, read cache: enabled, supports DPO and FUA
[    5.386308] sd 2:0:1:0: [sdb] Write cache: enabled, read cache: enabled, supports DPO and FUA
[    5.399016]  sda: sda1
[    5.403113] sd 2:0:1:0: [sdb] Attached SCSI disk
[    5.408913] sd 2:0:0:0: [sda] Attached SCSI disk
Begin: Loading essential drivers ... 